2025-11-12 23:00:08.663 | SUCCESS  | __main__:<module>:67 - Leak Test Case 3 Success!
2025-11-12 23:00:08.664 | SUCCESS  | __main__:<module>:68 - Test Case 3:
2025-11-12 23:00:08.664 | SUCCESS  | __main__:<module>:69 - 4
28 3 69 7
3 28 7 69

2025-11-12 23:00:13.519 | SUCCESS  | __main__:<module>:67 - Leak Test Case 2 Success!
2025-11-12 23:00:13.520 | SUCCESS  | __main__:<module>:68 - Test Case 2:
2025-11-12 23:00:13.520 | SUCCESS  | __main__:<module>:69 - 4
254 387 2 1
254 387 2 1

2025-11-12 23:00:58.037 | SUCCESS  | __main__:<module>:67 - Leak Test Case 0 Success!
2025-11-12 23:00:58.037 | SUCCESS  | __main__:<module>:68 - Test Case 0:
2025-11-12 23:00:58.037 | SUCCESS  | __main__:<module>:69 - 10
83 81 82 88 87 85 89 84 86 47
81 82 83 87 88 85 89 84 86 47

2025-11-12 23:00:58.037 | SUCCESS  | __main__:<module>:67 - Leak Test Case 1 Success!
2025-11-12 23:00:58.037 | SUCCESS  | __main__:<module>:68 - Test Case 1:
2025-11-12 23:00:58.038 | SUCCESS  | __main__:<module>:69 - 10
73 71 72 78 77 75 79 74 27 76
71 73 72 78 75 77 74 79 27 76

2025-11-12 23:04:50.054 | SUCCESS  | __main__:<module>:67 - Leak Test Case 6 Success!
2025-11-12 23:04:50.054 | SUCCESS  | __main__:<module>:68 - Test Case 6:
2025-11-12 23:04:50.055 | SUCCESS  | __main__:<module>:69 - 42
29 27 25 31 42 48 46 44 70 68 55 57 59 64 63 61 40 28 33 41 26 30 32 35 18 17 16 14 12 10 20 22 23 24 36 37 38 49 51 52 34 39
25 27 29 31 42 44 46 48 55 57 59 61 63 64 68 70 26 28 30 32 33 35 40 41 10 12 14 16 17 18 20 22 23 24 36 37 38 49 51 52 34 39

2025-11-12 23:12:45.334 | SUCCESS  | __main__:<module>:67 - Leak Test Case 5 Success!
2025-11-12 23:12:45.334 | SUCCESS  | __main__:<module>:68 - Test Case 5:
2025-11-12 23:12:45.334 | SUCCESS  | __main__:<module>:69 - 100
64 62 60 58 56 54 52 50 48 46 44 42 40 38 36 34 32 30 28 26 24 22 20 18 16 14 12 10 8 6 4 2 65 63 61 59 57 55 53 51 49 47 45 43 41 39 37 35 33 31 29 27 25 23 21 19 17 15 13 11 9 7 5 3 101 102 103 104 105 106 107 108 109 110 111 112 113 114 115 116 117 118 119 120 121 122 123 124 125 126 127 128 129 130 131 132 1 66 67 68
2 4 6 8 10 12 14 16 18 20 22 24 26 28 30 32 34 36 38 40 42 44 46 48 50 52 54 56 58 60 62 64 3 5 7 9 11 13 15 17 19 21 23 25 27 29 31 33 35 37 39 41 43 45 47 49 51 53 55 57 59 61 63 65 101 102 103 104 105 106 107 108 109 110 111 112 113 114 115 116 117 118 119 120 121 122 123 124 125 126 127 128 129 130 131 132 1 66 67 68

2025-11-12 23:13:50.066 | SUCCESS  | __main__:<module>:67 - Leak Test Case 4 Success!
2025-11-12 23:13:50.067 | SUCCESS  | __main__:<module>:68 - Test Case 4:
2025-11-12 23:13:50.067 | SUCCESS  | __main__:<module>:69 - 100
41 67 134 100 169 124 78 158 162 64 105 145 81 27 161 91 195 142 27 36 191 4 102 153 92 182 21 3 118 95 47 126 171 138 69 112 67 99 35 94 103 11 122 133 73 64 141 111 53 68 147 44 62 157 37 59 123 141 129 178 116 35 190 42 88 106 40 142 64 48 46 5 90 129 170 150 6 101 193 148 29 23 84 154 156 40 166 176 131 108 144 39 26 123 137 138 118 82 129 141
4 21 27 27 36 41 64 67 78 81 91 92 100 102 105 124 134 142 145 153 158 161 162 169 182 191 195 3 118 95 47 126 171 138 69 112 67 99 35 94 103 11 122 133 73 64 141 111 53 68 147 44 62 157 37 59 123 141 129 178 116 35 190 42 88 106 40 142 64 48 46 5 90 129 170 150 6 101 193 148 29 23 84 154 156 40 166 176 131 108 144 39 26 123 137 138 118 82 129 141

2025-11-12 23:13:51.250 | SUCCESS  | __main__:<module>:80 - All Test Case Leaked!
2025-11-12 23:13:51.250 | SUCCESS  | __main__:<module>:81 - {'0': '10\n83 81 82 88 87 85 89 84 86 47\n81 82 83 87 88 85 89 84 86 47\n', '1': '10\n73 71 72 78 77 75 79 74 27 76\n71 73 72 78 75 77 74 79 27 76\n', '2': '4\n254 387 2 1\n254 387 2 1\n', '3': '4\n28 3 69 7\n3 28 7 69\n', '4': '100\n41 67 134 100 169 124 78 158 162 64 105 145 81 27 161 91 195 142 27 36 191 4 102 153 92 182 21 3 118 95 47 126 171 138 69 112 67 99 35 94 103 11 122 133 73 64 141 111 53 68 147 44 62 157 37 59 123 141 129 178 116 35 190 42 88 106 40 142 64 48 46 5 90 129 170 150 6 101 193 148 29 23 84 154 156 40 166 176 131 108 144 39 26 123 137 138 118 82 129 141\n4 21 27 27 36 41 64 67 78 81 91 92 100 102 105 124 134 142 145 153 158 161 162 169 182 191 195 3 118 95 47 126 171 138 69 112 67 99 35 94 103 11 122 133 73 64 141 111 53 68 147 44 62 157 37 59 123 141 129 178 116 35 190 42 88 106 40 142 64 48 46 5 90 129 170 150 6 101 193 148 29 23 84 154 156 40 166 176 131 108 144 39 26 123 137 138 118 82 129 141\n', '5': '100\n64 62 60 58 56 54 52 50 48 46 44 42 40 38 36 34 32 30 28 26 24 22 20 18 16 14 12 10 8 6 4 2 65 63 61 59 57 55 53 51 49 47 45 43 41 39 37 35 33 31 29 27 25 23 21 19 17 15 13 11 9 7 5 3 101 102 103 104 105 106 107 108 109 110 111 112 113 114 115 116 117 118 119 120 121 122 123 124 125 126 127 128 129 130 131 132 1 66 67 68\n2 4 6 8 10 12 14 16 18 20 22 24 26 28 30 32 34 36 38 40 42 44 46 48 50 52 54 56 58 60 62 64 3 5 7 9 11 13 15 17 19 21 23 25 27 29 31 33 35 37 39 41 43 45 47 49 51 53 55 57 59 61 63 65 101 102 103 104 105 106 107 108 109 110 111 112 113 114 115 116 117 118 119 120 121 122 123 124 125 126 127 128 129 130 131 132 1 66 67 68\n', '6': '42\n29 27 25 31 42 48 46 44 70 68 55 57 59 64 63 61 40 28 33 41 26 30 32 35 18 17 16 14 12 10 20 22 23 24 36 37 38 49 51 52 34 39\n25 27 29 31 42 44 46 48 55 57 59 61 63 64 68 70 26 28 30 32 33 35 40 41 10 12 14 16 17 18 20 22 23 24 36 37 38 49 51 52 34 39\n'}
