2025-11-12 23:24:04.305 | SUCCESS  | __main__:<module>:68 - Leak Test Case 3 Success!
2025-11-12 23:24:04.305 | SUCCESS  | __main__:<module>:69 - Test Case 3:
2025-11-12 23:24:04.305 | SUCCESS  | __main__:<module>:70 - 1 2
999999 Williams 100

2025-11-12 23:24:51.098 | SUCCESS  | __main__:<module>:68 - Leak Test Case 0 Success!
2025-11-12 23:24:51.099 | SUCCESS  | __main__:<module>:69 - Test Case 0:
2025-11-12 23:24:51.099 | SUCCESS  | __main__:<module>:70 - 3 1
000007 James 85
000010 Amy 90
000001 Zoe 60

2025-11-12 23:25:22.542 | SUCCESS  | __main__:<module>:68 - Leak Test Case 1 Success!
2025-11-12 23:25:22.542 | SUCCESS  | __main__:<module>:69 - Test Case 1:
2025-11-12 23:25:22.543 | SUCCESS  | __main__:<module>:70 - 4 2
000007 James 85
000010 Amy 90
000001 Zoe 60
000002 James 98

2025-11-12 23:25:22.551 | SUCCESS  | __main__:<module>:68 - Leak Test Case 2 Success!
2025-11-12 23:25:22.551 | SUCCESS  | __main__:<module>:69 - Test Case 2:
2025-11-12 23:25:22.552 | SUCCESS  | __main__:<module>:70 - 4 3
000007 James 85
000010 Amy 90
000001 Zoe 60
000002 James 90
