2025-11-13 10:12:04.128 | SUCCESS  | __main__:<module>:92 - Leak Test Case 0 Success!
2025-11-13 10:12:04.129 | SUCCESS  | __main__:<module>:93 - Test Case 0:
2025-11-13 10:12:04.129 | SUCCESS  | __main__:<module>:94 - tmp;lib64;lib;usr;etc;dev;
2025-11-13 10:12:04.129 | SUCCESS  | __main__:<module>:92 - Leak Test Case 1 Success!
2025-11-13 10:12:04.129 | SUCCESS  | __main__:<module>:93 - Test Case 1:
2025-11-13 10:12:04.130 | SUCCESS  | __main__:<module>:94 - tmp;lib64;lib;usr;etc;dev;
2025-11-13 10:12:04.130 | SUCCESS  | __main__:<module>:92 - Leak Test Case 2 Success!
2025-11-13 10:12:04.130 | SUCCESS  | __main__:<module>:93 - Test Case 2:
2025-11-13 10:12:04.157 | SUCCESS  | __main__:<module>:94 - tmp;lib64;lib;usr;etc;dev;
2025-11-13 10:12:04.158 | SUCCESS  | __main__:<module>:92 - Leak Test Case 3 Success!
2025-11-13 10:12:04.158 | SUCCESS  | __main__:<module>:93 - Test Case 3:
2025-11-13 10:12:04.159 | SUCCESS  | __main__:<module>:94 - tmp;lib64;lib;usr;etc;dev;
2025-11-13 10:12:04.159 | SUCCESS  | __main__:<module>:92 - Leak Test Case 4 Success!
2025-11-13 10:12:04.159 | SUCCESS  | __main__:<module>:93 - Test Case 4:
2025-11-13 10:12:04.159 | SUCCESS  | __main__:<module>:94 - tmp;lib64;lib;usr;etc;dev;
2025-11-13 10:12:04.160 | SUCCESS  | __main__:<module>:92 - Leak Test Case 5 Success!
2025-11-13 10:12:04.160 | SUCCESS  | __main__:<module>:93 - Test Case 5:
2025-11-13 10:12:04.160 | SUCCESS  | __main__:<module>:94 - tmp;lib64;lib;usr;etc;dev;
2025-11-13 10:12:05.801 | SUCCESS  | __main__:<module>:110 - All Test Case Leaked!
2025-11-13 10:12:05.802 | SUCCESS  | __main__:<module>:111 - {'0': 'tmp;lib64;lib;usr;etc;dev;', '1': 'tmp;lib64;lib;usr;etc;dev;', '2': 'tmp;lib64;lib;usr;etc;dev;', '3': 'tmp;lib64;lib;usr;etc;dev;', '4': 'tmp;lib64;lib;usr;etc;dev;', '5': 'tmp;lib64;lib;usr;etc;dev;'}
