2025-11-13 10:09:39.045 | SUCCESS  | __main__:<module>:92 - Leak Test Case 0 Success!
2025-11-13 10:09:39.045 | SUCCESS  | __main__:<module>:93 - Test Case 0:
2025-11-13 10:09:39.046 | SUCCESS  | __main__:<module>:94 - compile.log;a.c;a.out;
2025-11-13 10:09:39.046 | SUCCESS  | __main__:<module>:92 - Leak Test Case 1 Success!
2025-11-13 10:09:39.046 | SUCCESS  | __main__:<module>:93 - Test Case 1:
2025-11-13 10:09:39.046 | SUCCESS  | __main__:<module>:94 - compile.log;a.c;a.out;
2025-11-13 10:09:39.047 | SUCCESS  | __main__:<module>:92 - Leak Test Case 2 Success!
2025-11-13 10:09:39.047 | SUCCESS  | __main__:<module>:93 - Test Case 2:
2025-11-13 10:09:39.047 | SUCCESS  | __main__:<module>:94 - compile.log;a.c;a.out;
2025-11-13 10:09:39.047 | SUCCESS  | __main__:<module>:92 - Leak Test Case 3 Success!
2025-11-13 10:09:39.047 | SUCCESS  | __main__:<module>:93 - Test Case 3:
2025-11-13 10:09:39.048 | SUCCESS  | __main__:<module>:94 - compile.log;a.c;a.out;
2025-11-13 10:09:39.048 | SUCCESS  | __main__:<module>:92 - Leak Test Case 4 Success!
2025-11-13 10:09:39.048 | SUCCESS  | __main__:<module>:93 - Test Case 4:
2025-11-13 10:09:39.048 | SUCCESS  | __main__:<module>:94 - compile.log;a.c;a.out;
2025-11-13 10:09:39.049 | SUCCESS  | __main__:<module>:92 - Leak Test Case 5 Success!
2025-11-13 10:09:39.049 | SUCCESS  | __main__:<module>:93 - Test Case 5:
2025-11-13 10:09:39.049 | SUCCESS  | __main__:<module>:94 - compile.log;a.c;a.out;
2025-11-13 10:09:40.526 | SUCCESS  | __main__:<module>:110 - All Test Case Leaked!
2025-11-13 10:09:40.526 | SUCCESS  | __main__:<module>:111 - {'0': 'compile.log;a.c;a.out;', '1': 'compile.log;a.c;a.out;', '2': 'compile.log;a.c;a.out;', '3': 'compile.log;a.c;a.out;', '4': 'compile.log;a.c;a.out;', '5': 'compile.log;a.c;a.out;'}
